../Core/Src/main.c:95:10:readTemp1ADC	24	static
../Core/Src/main.c:116:10:readResistanceADC	24	static
../Core/Src/main.c:137:10:readTemp2ADC	24	static
../Core/Src/main.c:159:7:calculateTemperature	40	static
../Core/Src/main.c:174:7:calculateResistance	32	static
../Core/Src/main.c:187:5:main	32	static
../Core/Src/main.c:328:6:SystemClock_Config	88	static
../Core/Src/main.c:375:13:MX_ADC1_Init	8	static
../Core/Src/main.c:426:13:MX_I2C1_Init	8	static
../Core/Src/main.c:460:13:MX_SPI1_Init	8	static
../Core/Src/main.c:498:13:MX_USART1_UART_Init	8	static
../Core/Src/main.c:531:13:MX_GPIO_Init	40	static
../Core/Src/main.c:575:6:Error_Handler	4	static,ignoring_inline_asm
