../Core/Src/W25Qxx.c:19:6:csLOW	8	static
../Core/Src/W25Qxx.c:23:6:csHIGH	8	static
../Core/Src/W25Qxx.c:28:6:SPI_Write	16	static
../Core/Src/W25Qxx.c:33:6:SPI_Read	16	static
../Core/Src/W25Qxx.c:38:6:W25Q_Reset	16	static
../Core/Src/W25Qxx.c:52:10:W25Q_ReadID	16	static
../Core/Src/W25Qxx.c:70:6:W25Q_Read	40	static
../Core/Src/W25Qxx.c:92:6:write_enable	16	static
../Core/Src/W25Qxx.c:101:6:write_disable	16	static
../Core/Src/W25Qxx.c:110:6:W25Q_Erase_Sector	24	static
../Core/Src/W25Qxx.c:133:6:writePage	296	static
../Core/Src/W25Qxx.c:159:6:chipErase	16	static
../Core/Src/W25Qxx.c:174:6:writeExperiment	280	static
../Core/Src/W25Qxx.c:202:10:readExperiment	4136	static
../Core/Src/W25Qxx.c:236:6:UARTlogPage	320	static
